../Core/Src/main.c:103:6:HAL_UART_TxCpltCallback	16	static
../Core/Src/main.c:108:6:HAL_UART_RxCpltCallback	16	static
../Core/Src/main.c:114:8:generateRandomNumber	32	static
../Core/Src/main.c:125:5:main	16	static
../Core/Src/main.c:211:6:MX_ETH_Init	8	static
../Core/Src/main.c:260:13:MX_TIM2_Init	40	static
../Core/Src/main.c:305:13:MX_TIM3_Init	64	static
../Core/Src/main.c:376:13:MX_USART2_UART_Init	8	static
../Core/Src/main.c:424:13:MX_GPIO_Init	48	static
../Core/Src/main.c:466:6:HAL_TIM_PeriodElapsedCallback	16	static
../Core/Src/main.c:505:6:Error_Handler	4	static,ignoring_inline_asm
