../Core/Src/main.c:100:6:HAL_UART_TxCpltCallback	16	static
../Core/Src/main.c:105:6:HAL_UART_RxCpltCallback	16	static
../Core/Src/main.c:113:6:getFixedArray	96	dynamic
../Core/Src/main.c:142:8:generateRandomNumber	32	static
../Core/Src/main.c:153:5:main	16	static
../Core/Src/main.c:239:6:MX_ETH_Init	8	static
../Core/Src/main.c:288:13:MX_TIM2_Init	40	static
../Core/Src/main.c:333:13:MX_TIM3_Init	64	static
../Core/Src/main.c:404:13:MX_USART2_UART_Init	8	static
../Core/Src/main.c:452:13:MX_GPIO_Init	48	static
../Core/Src/main.c:494:6:HAL_TIM_PeriodElapsedCallback	16	static
../Core/Src/main.c:528:6:Error_Handler	4	static,ignoring_inline_asm
